I1018 05:34:27.927886 20066 gc.cpp:95] Scheduling '/var/tmp/mesos/meta/slaves/cb40f348-94b8-4f7f-aec2-f1fd15e2ba87-S2/frameworks/cb40f348-94b8-4f7f-aec2-f1fd15e2ba87-0000/executors/rgw-n1.78e9c1f8-d297-11e8-ab34-024220aa8e88/runs/0b2a1270-00cd-4844-a577-9befc27240b3/tasks/rgw-n1.78e9c1f8-d297-11e8-ab34-024220aa8e88' for gc 6.99996611504593days in the future
I1018 05:34:28.435981 20060 slave.cpp:5914] Got exited event for executor(1)@192.168.136.187:32884
I1018 05:34:28.439712 20066 docker.cpp:2575] Executor for container 0b2a1270-00cd-4844-a577-9befc27240b3 has exited
I1018 05:34:28.439800 20066 docker.cpp:2346] Destroying container 0b2a1270-00cd-4844-a577-9befc27240b3 in RUNNING state
I1018 05:34:28.440327 20066 docker.cpp:2396] Running docker stop on container 0b2a1270-00cd-4844-a577-9befc27240b3
I1018 05:34:28.451761 20066 slave.cpp:6310] Executor 'rgw-n1.78e9c1f8-d297-11e8-ab34-024220aa8e88' of framework cb40f348-94b8-4f7f-aec2-f1fd15e2ba87-0000 exited with status 0
I1018 05:34:28.525769 20066 slave.cpp:6408] Cleaning up executor 'rgw-n1.78e9c1f8-d297-11e8-ab34-024220aa8e88' of framework cb40f348-94b8-4f7f-aec2-f1fd15e2ba87-0000 at executor(1)@192.168.136.187:32884
I1018 05:34:28.529446 20062 gc.cpp:95] Scheduling '/var/tmp/mesos/slaves/cb40f348-94b8-4f7f-aec2-f1fd15e2ba87-S2/frameworks/cb40f348-94b8-4f7f-aec2-f1fd15e2ba87-0000/executors/rgw-n1.78e9c1f8-d297-11e8-ab34-024220aa8e88/runs/0b2a1270-00cd-4844-a577-9befc27240b3' for gc 6.99999387393482days in the future
I1018 05:34:28.529561 20062 gc.cpp:95] Scheduling '/var/tmp/mesos/slaves/cb40f348-94b8-4f7f-aec2-f1fd15e2ba87-S2/frameworks/cb40f348-94b8-4f7f-aec2-f1fd15e2ba87-0000/executors/rgw-n1.78e9c1f8-d297-11e8-ab34-024220aa8e88' for gc 6.99999387211852days in the future
I1018 05:34:28.529598 20062 gc.cpp:95] Scheduling '/var/tmp/mesos/meta/slaves/cb40f348-94b8-4f7f-aec2-f1fd15e2ba87-S2/frameworks/cb40f348-94b8-4f7f-aec2-f1fd15e2ba87-0000/executors/rgw-n1.78e9c1f8-d297-11e8-ab34-024220aa8e88/runs/0b2a1270-00cd-4844-a577-9befc27240b3' for gc 6.99999387157333days in the future
I1018 05:34:28.529628 20062 gc.cpp:95] Scheduling '/var/tmp/mesos/meta/slaves/cb40f348-94b8-4f7f-aec2-f1fd15e2ba87-S2/frameworks/cb40f348-94b8-4f7f-aec2-f1fd15e2ba87-0000/executors/rgw-n1.78e9c1f8-d297-11e8-ab34-024220aa8e88' for gc 6.99999387114667days in the future
I1018 05:34:28.542806 20061 task_status_update_manager.cpp:328] Received task status update TASK_KILLED (Status UUID: edf5e9bd-a17a-433a-8c8b-c2cc5fdb62d6) for task rgw-n1.10bffc03-d294-11e8-ab34-024220aa8e88 of framework cb40f348-94b8-4f7f-aec2-f1fd15e2ba87-0000
I1018 05:34:28.543046 20061 task_status_update_manager.cpp:842] Checkpointing UPDATE for task status update TASK_KILLED (Status UUID: edf5e9bd-a17a-433a-8c8b-c2cc5fdb62d6) for task rgw-n1.10bffc03-d294-11e8-ab34-024220aa8e88 of framework cb40f348-94b8-4f7f-aec2-f1fd15e2ba87-0000
I1018 05:34:28.543337 20061 slave.cpp:5782] Forwarding the update TASK_KILLED (Status UUID: edf5e9bd-a17a-433a-8c8b-c2cc5fdb62d6) for task rgw-n1.10bffc03-d294-11e8-ab34-024220aa8e88 of framework cb40f348-94b8-4f7f-aec2-f1fd15e2ba87-0000 to master@192.168.136.186:5050
I1018 05:34:28.543885 20061 slave.cpp:5691] Sending acknowledgement for status update TASK_KILLED (Status UUID: edf5e9bd-a17a-433a-8c8b-c2cc5fdb62d6) for task rgw-n1.10bffc03-d294-11e8-ab34-024220aa8e88 of framework cb40f348-94b8-4f7f-aec2-f1fd15e2ba87-0000 to executor(1)@192.168.136.187:37747
I1018 05:34:28.563956 20066 task_status_update_manager.cpp:401] Received task status update acknowledgement (UUID: edf5e9bd-a17a-433a-8c8b-c2cc5fdb62d6) for task rgw-n1.10bffc03-d294-11e8-ab34-024220aa8e88 of framework cb40f348-94b8-4f7f-aec2-f1fd15e2ba87-0000
I1018 05:34:28.564252 20066 task_status_update_manager.cpp:842] Checkpointing ACK for task status update TASK_KILLED (Status UUID: edf5e9bd-a17a-433a-8c8b-c2cc5fdb62d6) for task rgw-n1.10bffc03-d294-11e8-ab34-024220aa8e88 of framework cb40f348-94b8-4f7f-aec2-f1fd15e2ba87-0000
I1018 05:34:28.564808 20066 gc.cpp:95] Scheduling '/var/tmp/mesos/meta/slaves/cb40f348-94b8-4f7f-aec2-f1fd15e2ba87-S2/frameworks/cb40f348-94b8-4f7f-aec2-f1fd15e2ba87-0000/executors/rgw-n1.10bffc03-d294-11e8-ab34-024220aa8e88/runs/19a12696-e465-4a43-bcd1-b89590900a2f/tasks/rgw-n1.10bffc03-d294-11e8-ab34-024220aa8e88' for gc 6.98307216703704days in the future
I1018 05:34:28.772617 20063 slave.cpp:5914] Got exited event for executor(1)@192.168.136.187:37747
I1018 05:34:28.862010 20060 docker.cpp:2575] Executor for container 19a12696-e465-4a43-bcd1-b89590900a2f has exited
I1018 05:34:28.862150 20060 docker.cpp:2346] Destroying container 19a12696-e465-4a43-bcd1-b89590900a2f in RUNNING state
I1018 05:34:28.862220 20060 docker.cpp:2396] Running docker stop on container 19a12696-e465-4a43-bcd1-b89590900a2f
I1018 05:34:28.863422 20066 slave.cpp:6310] Executor 'rgw-n1.10bffc03-d294-11e8-ab34-024220aa8e88' of framework cb40f348-94b8-4f7f-aec2-f1fd15e2ba87-0000 exited with status 0
I1018 05:34:28.863503 20066 slave.cpp:6408] Cleaning up executor 'rgw-n1.10bffc03-d294-11e8-ab34-024220aa8e88' of framework cb40f348-94b8-4f7f-aec2-f1fd15e2ba87-0000 at executor(1)@192.168.136.187:37747
I1018 05:34:28.864024 20067 gc.cpp:95] Scheduling '/var/tmp/mesos/slaves/cb40f348-94b8-4f7f-aec2-f1fd15e2ba87-S2/frameworks/cb40f348-94b8-4f7f-aec2-f1fd15e2ba87-0000/executors/rgw-n1.10bffc03-d294-11e8-ab34-024220aa8e88/runs/19a12696-e465-4a43-bcd1-b89590900a2f' for gc 6.99999000054519days in the future
I1018 05:34:28.864334 20063 gc.cpp:95] Scheduling '/var/tmp/mesos/slaves/cb40f348-94b8-4f7f-aec2-f1fd15e2ba87-S2/frameworks/cb40f348-94b8-4f7f-aec2-f1fd15e2ba87-0000/executors/rgw-n1.10bffc03-d294-11e8-ab34-024220aa8e88' for gc 6.99998999746667days in the future
I1018 05:34:28.864388 20063 gc.cpp:95] Scheduling '/var/tmp/mesos/meta/slaves/cb40f348-94b8-4f7f-aec2-f1fd15e2ba87-S2/frameworks/cb40f348-94b8-4f7f-aec2-f1fd15e2ba87-0000/executors/rgw-n1.10bffc03-d294-11e8-ab34-024220aa8e88/runs/19a12696-e465-4a43-bcd1-b89590900a2f' for gc 6.99998999663111days in the future
I1018 05:34:28.864420 20063 gc.cpp:95] Scheduling '/var/tmp/mesos/meta/slaves/cb40f348-94b8-4f7f-aec2-f1fd15e2ba87-S2/frameworks/cb40f348-94b8-4f7f-aec2-f1fd15e2ba87-0000/executors/rgw-n1.10bffc03-d294-11e8-ab34-024220aa8e88' for gc 6.99998999620444days in the future
I1018 05:34:29.192788 20067 slave.cpp:2035] Got assigned task 'rgw-n1.7be74a89-d297-11e8-ab34-024220aa8e88' for framework cb40f348-94b8-4f7f-aec2-f1fd15e2ba87-0000
I1018 05:34:29.193526 20067 slave.cpp:2409] Authorizing task 'rgw-n1.7be74a89-d297-11e8-ab34-024220aa8e88' for framework cb40f348-94b8-4f7f-aec2-f1fd15e2ba87-0000
I1018 05:34:29.194785 20062 slave.cpp:2852] Launching task 'rgw-n1.7be74a89-d297-11e8-ab34-024220aa8e88' for framework cb40f348-94b8-4f7f-aec2-f1fd15e2ba87-0000
I1018 05:34:29.196034 20062 paths.cpp:748] Creating sandbox '/var/tmp/mesos/slaves/cb40f348-94b8-4f7f-aec2-f1fd15e2ba87-S2/frameworks/cb40f348-94b8-4f7f-aec2-f1fd15e2ba87-0000/executors/rgw-n1.7be74a89-d297-11e8-ab34-024220aa8e88/runs/4f881bb5-e02e-474f-b91d-4f301fb497ec'
I1018 05:34:29.197767 20062 paths.cpp:748] Creating sandbox '/var/tmp/mesos/meta/slaves/cb40f348-94b8-4f7f-aec2-f1fd15e2ba87-S2/frameworks/cb40f348-94b8-4f7f-aec2-f1fd15e2ba87-0000/executors/rgw-n1.7be74a89-d297-11e8-ab34-024220aa8e88/runs/4f881bb5-e02e-474f-b91d-4f301fb497ec'
I1018 05:34:29.198280 20062 slave.cpp:8997] Launching executor 'rgw-n1.7be74a89-d297-11e8-ab34-024220aa8e88' of framework cb40f348-94b8-4f7f-aec2-f1fd15e2ba87-0000 with resources [{"allocation_info":{"role":"*"},"name":"cpus","scalar":{"value":0.1},"type":"SCALAR"},{"allocation_info":{"role":"*"},"name":"mem","scalar":{"value":32.0},"type":"SCALAR"}] in work directory '/var/tmp/mesos/slaves/cb40f348-94b8-4f7f-aec2-f1fd15e2ba87-S2/frameworks/cb40f348-94b8-4f7f-aec2-f1fd15e2ba87-0000/executors/rgw-n1.7be74a89-d297-11e8-ab34-024220aa8e88/runs/4f881bb5-e02e-474f-b91d-4f301fb497ec'
I1018 05:34:29.198870 20062 slave.cpp:3530] Launching container 4f881bb5-e02e-474f-b91d-4f301fb497ec for executor 'rgw-n1.7be74a89-d297-11e8-ab34-024220aa8e88' of framework cb40f348-94b8-4f7f-aec2-f1fd15e2ba87-0000
I1018 05:34:29.200248 20062 slave.cpp:3049] Queued task 'rgw-n1.7be74a89-d297-11e8-ab34-024220aa8e88' for executor 'rgw-n1.7be74a89-d297-11e8-ab34-024220aa8e88' of framework cb40f348-94b8-4f7f-aec2-f1fd15e2ba87-0000
I1018 05:34:29.202702 20067 docker.cpp:1201] Starting container '4f881bb5-e02e-474f-b91d-4f301fb497ec' for task 'rgw-n1.7be74a89-d297-11e8-ab34-024220aa8e88' (and executor 'rgw-n1.7be74a89-d297-11e8-ab34-024220aa8e88') of framework cb40f348-94b8-4f7f-aec2-f1fd15e2ba87-0000
I1018 05:34:29.642518 20065 docker.cpp:801] Checkpointing pid 23759 to '/var/tmp/mesos/meta/slaves/cb40f348-94b8-4f7f-aec2-f1fd15e2ba87-S2/frameworks/cb40f348-94b8-4f7f-aec2-f1fd15e2ba87-0000/executors/rgw-n1.7be74a89-d297-11e8-ab34-024220aa8e88/runs/4f881bb5-e02e-474f-b91d-4f301fb497ec/pids/forked.pid'
I1018 05:34:29.951272 20065 slave.cpp:4824] Got registration for executor 'rgw-n1.7be74a89-d297-11e8-ab34-024220aa8e88' of framework cb40f348-94b8-4f7f-aec2-f1fd15e2ba87-0000 from executor(1)@192.168.136.187:45046
I1018 05:34:29.952698 20065 docker.cpp:1709] Ignoring updating container 4f881bb5-e02e-474f-b91d-4f301fb497ec because resources passed to update are identical to existing resources
I1018 05:34:29.952929 20065 slave.cpp:3262] Sending queued task 'rgw-n1.7be74a89-d297-11e8-ab34-024220aa8e88' to executor 'rgw-n1.7be74a89-d297-11e8-ab34-024220aa8e88' of framework cb40f348-94b8-4f7f-aec2-f1fd15e2ba87-0000 at executor(1)@192.168.136.187:45046
I1018 05:34:29.958997 20060 slave.cpp:5290] Handling status update TASK_STARTING (Status UUID: 6a5b42ac-8618-4b54-b757-7ded708d8312) for task rgw-n1.7be74a89-d297-11e8-ab34-024220aa8e88 of framework cb40f348-94b8-4f7f-aec2-f1fd15e2ba87-0000 from executor(1)@192.168.136.187:45046
I1018 05:34:29.959473 20060 task_status_update_manager.cpp:328] Received task status update TASK_STARTING (Status UUID: 6a5b42ac-8618-4b54-b757-7ded708d8312) for task rgw-n1.7be74a89-d297-11e8-ab34-024220aa8e88 of framework cb40f348-94b8-4f7f-aec2-f1fd15e2ba87-0000
I1018 05:34:29.960032 20060 task_status_update_manager.cpp:842] Checkpointing UPDATE for task status update TASK_STARTING (Status UUID: 6a5b42ac-8618-4b54-b757-7ded708d8312) for task rgw-n1.7be74a89-d297-11e8-ab34-024220aa8e88 of framework cb40f348-94b8-4f7f-aec2-f1fd15e2ba87-0000
I1018 05:34:29.960294 20066 slave.cpp:5782] Forwarding the update TASK_STARTING (Status UUID: 6a5b42ac-8618-4b54-b757-7ded708d8312) for task rgw-n1.7be74a89-d297-11e8-ab34-024220aa8e88 of framework cb40f348-94b8-4f7f-aec2-f1fd15e2ba87-0000 to master@192.168.136.186:5050
I1018 05:34:29.960530 20066 slave.cpp:5691] Sending acknowledgement for status update TASK_STARTING (Status UUID: 6a5b42ac-8618-4b54-b757-7ded708d8312) for task rgw-n1.7be74a89-d297-11e8-ab34-024220aa8e88 of framework cb40f348-94b8-4f7f-aec2-f1fd15e2ba87-0000 to executor(1)@192.168.136.187:45046
I1018 05:34:30.029011 20067 task_status_update_manager.cpp:401] Received task status update acknowledgement (UUID: 6a5b42ac-8618-4b54-b757-7ded708d8312) for task rgw-n1.7be74a89-d297-11e8-ab34-024220aa8e88 of framework cb40f348-94b8-4f7f-aec2-f1fd15e2ba87-0000
I1018 05:34:30.029178 20067 task_status_update_manager.cpp:842] Checkpointing ACK for task status update TASK_STARTING (Status UUID: 6a5b42ac-8618-4b54-b757-7ded708d8312) for task rgw-n1.7be74a89-d297-11e8-ab34-024220aa8e88 of framework cb40f348-94b8-4f7f-aec2-f1fd15e2ba87-0000
I1018 05:34:31.855113 20067 slave.cpp:5290] Handling status update TASK_RUNNING (Status UUID: 0d12ed51-722e-4c00-b183-853286a48a85) for task rgw-n1.7be74a89-d297-11e8-ab34-024220aa8e88 of framework cb40f348-94b8-4f7f-aec2-f1fd15e2ba87-0000 from executor(1)@192.168.136.187:45046
I1018 05:34:31.855531 20067 task_status_update_manager.cpp:328] Received task status update TASK_RUNNING (Status UUID: 0d12ed51-722e-4c00-b183-853286a48a85) for task rgw-n1.7be74a89-d297-11e8-ab34-024220aa8e88 of framework cb40f348-94b8-4f7f-aec2-f1fd15e2ba87-0000
I1018 05:34:31.855584 20067 task_status_update_manager.cpp:842] Checkpointing UPDATE for task status update TASK_RUNNING (Status UUID: 0d12ed51-722e-4c00-b183-853286a48a85) for task rgw-n1.7be74a89-d297-11e8-ab34-024220aa8e88 of framework cb40f348-94b8-4f7f-aec2-f1fd15e2ba87-0000
I1018 05:34:31.855893 20063 slave.cpp:5782] Forwarding the update TASK_RUNNING (Status UUID: 0d12ed51-722e-4c00-b183-853286a48a85) for task rgw-n1.7be74a89-d297-11e8-ab34-024220aa8e88 of framework cb40f348-94b8-4f7f-aec2-f1fd15e2ba87-0000 to master@192.168.136.186:5050
I1018 05:34:31.856309 20063 slave.cpp:5691] Sending acknowledgement for status update TASK_RUNNING (Status UUID: 0d12ed51-722e-4c00-b183-853286a48a85) for task rgw-n1.7be74a89-d297-11e8-ab34-024220aa8e88 of framework cb40f348-94b8-4f7f-aec2-f1fd15e2ba87-0000 to executor(1)@192.168.136.187:45046
I1018 05:34:31.874500 20064 task_status_update_manager.cpp:401] Received task status update acknowledgement (UUID: 0d12ed51-722e-4c00-b183-853286a48a85) for task rgw-n1.7be74a89-d297-11e8-ab34-024220aa8e88 of framework cb40f348-94b8-4f7f-aec2-f1fd15e2ba87-0000
I1018 05:34:31.876093 20064 task_status_update_manager.cpp:842] Checkpointing ACK for task status update TASK_RUNNING (Status UUID: 0d12ed51-722e-4c00-b183-853286a48a85) for task rgw-n1.7be74a89-d297-11e8-ab34-024220aa8e88 of framework cb40f348-94b8-4f7f-aec2-f1fd15e2ba87-0000
I1018 05:34:54.006880 20062 slave.cpp:6845] Current disk usage 30.22%. Max allowed age: 4.184904433317048days
I1018 05:35:54.008560 20064 slave.cpp:6845] Current disk usage 30.22%. Max allowed age: 4.184297447484121days
I1018 05:36:54.009342 20067 slave.cpp:6845] Current disk usage 30.22%. Max allowed age: 4.184652769296528days
I1018 05:37:54.010753 20067 slave.cpp:6845] Current disk usage 30.22%. Max allowed age: 4.184555523326817days
I1018 05:38:54.012995 20063 slave.cpp:6845] Current disk usage 30.22%. Max allowed age: 4.184517586712257days
I1018 05:39:35.902729 20065 http.cpp:1117] HTTP GET for /slave(1)/state?jsonp=jsonp_16685c376b5 from 192.168.56.81:49584 with User-Agent='Mozilla/5.0 (Windows NT 10.0; Win64; x64) AppleWebKit/537.36 (KHTML, like Gecko) Chrome/69.0.3497.100 Safari/537.36'
I1018 05:39:35.922942 20060 http.cpp:1117] HTTP GET for /files/browse?jsonp=jsonp_16685c376cb&path=%2Fvar%2Ftmp%2Fmesos%2Fslaves%2Fcb40f348-94b8-4f7f-aec2-f1fd15e2ba87-S2%2Fframeworks%2Fcb40f348-94b8-4f7f-aec2-f1fd15e2ba87-0000%2Fexecutors%2Frgw-n1.7be74a89-d297-11e8-ab34-024220aa8e88%2Fruns%2F4f881bb5-e02e-474f-b91d-4f301fb497ec from 192.168.56.81:49584 with User-Agent='Mozilla/5.0 (Windows NT 10.0; Win64; x64) AppleWebKit/537.36 (KHTML, like Gecko) Chrome/69.0.3497.100 Safari/537.36'
I1018 05:39:41.968405 20063 http.cpp:1117] HTTP GET for /files/download?path=%2Fvar%2Ftmp%2Fmesos%2Fslaves%2Fcb40f348-94b8-4f7f-aec2-f1fd15e2ba87-S2%2Fframeworks%2Fcb40f348-94b8-4f7f-aec2-f1fd15e2ba87-0000%2Fexecutors%2Frgw-n1.7be74a89-d297-11e8-ab34-024220aa8e88%2Fruns%2F4f881bb5-e02e-474f-b91d-4f301fb497ec%2Fstderr from 192.168.56.81:49584 with User-Agent='Mozilla/5.0 (Windows NT 10.0; Win64; x64) AppleWebKit/537.36 (KHTML, like Gecko) Chrome/69.0.3497.100 Safari/537.36'
I1018 05:39:43.994009 20060 http.cpp:1117] HTTP GET for /files/download?path=%2Fvar%2Ftmp%2Fmesos%2Fslaves%2Fcb40f348-94b8-4f7f-aec2-f1fd15e2ba87-S2%2Fframeworks%2Fcb40f348-94b8-4f7f-aec2-f1fd15e2ba87-0000%2Fexecutors%2Frgw-n1.7be74a89-d297-11e8-ab34-024220aa8e88%2Fruns%2F4f881bb5-e02e-474f-b91d-4f301fb497ec%2Fstdout from 192.168.56.81:49584 with User-Agent='Mozilla/5.0 (Windows NT 10.0; Win64; x64) AppleWebKit/537.36 (KHTML, like Gecko) Chrome/69.0.3497.100 Safari/537.36'
I1018 05:39:54.013932 20065 slave.cpp:6845] Current disk usage 30.22%. Max allowed age: 4.184425683927697days
I1018 05:40:31.430830 20064 slave.cpp:3636] Asked to kill task rgw-n1.7be74a89-d297-11e8-ab34-024220aa8e88 of framework cb40f348-94b8-4f7f-aec2-f1fd15e2ba87-0000
I1018 05:40:32.570725 20061 slave.cpp:5290] Handling status update TASK_KILLED (Status UUID: 49c1e88d-ded5-4660-98e0-4d362a5e684d) for task rgw-n1.7be74a89-d297-11e8-ab34-024220aa8e88 of framework cb40f348-94b8-4f7f-aec2-f1fd15e2ba87-0000 from executor(1)@192.168.136.187:45046
I1018 05:40:33.050341 20067 task_status_update_manager.cpp:328] Received task status update TASK_KILLED (Status UUID: 49c1e88d-ded5-4660-98e0-4d362a5e684d) for task rgw-n1.7be74a89-d297-11e8-ab34-024220aa8e88 of framework cb40f348-94b8-4f7f-aec2-f1fd15e2ba87-0000
I1018 05:40:33.050540 20067 task_status_update_manager.cpp:842] Checkpointing UPDATE for task status update TASK_KILLED (Status UUID: 49c1e88d-ded5-4660-98e0-4d362a5e684d) for task rgw-n1.7be74a89-d297-11e8-ab34-024220aa8e88 of framework cb40f348-94b8-4f7f-aec2-f1fd15e2ba87-0000
I1018 05:40:33.050819 20067 slave.cpp:5782] Forwarding the update TASK_KILLED (Status UUID: 49c1e88d-ded5-4660-98e0-4d362a5e684d) for task rgw-n1.7be74a89-d297-11e8-ab34-024220aa8e88 of framework cb40f348-94b8-4f7f-aec2-f1fd15e2ba87-0000 to master@192.168.136.186:5050
I1018 05:40:33.052445 20067 slave.cpp:5691] Sending acknowledgement for status update TASK_KILLED (Status UUID: 49c1e88d-ded5-4660-98e0-4d362a5e684d) for task rgw-n1.7be74a89-d297-11e8-ab34-024220aa8e88 of framework cb40f348-94b8-4f7f-aec2-f1fd15e2ba87-0000 to executor(1)@192.168.136.187:45046
I1018 05:40:33.067657 20060 task_status_update_manager.cpp:401] Received task status update acknowledgement (UUID: 49c1e88d-ded5-4660-98e0-4d362a5e684d) for task rgw-n1.7be74a89-d297-11e8-ab34-024220aa8e88 of framework cb40f348-94b8-4f7f-aec2-f1fd15e2ba87-0000
I1018 05:40:33.067843 20060 task_status_update_manager.cpp:842] Checkpointing ACK for task status update TASK_KILLED (Status UUID: 49c1e88d-ded5-4660-98e0-4d362a5e684d) for task rgw-n1.7be74a89-d297-11e8-ab34-024220aa8e88 of framework cb40f348-94b8-4f7f-aec2-f1fd15e2ba87-0000
I1018 05:40:33.072489 20062 gc.cpp:95] Scheduling '/var/tmp/mesos/meta/slaves/cb40f348-94b8-4f7f-aec2-f1fd15e2ba87-S2/frameworks/cb40f348-94b8-4f7f-aec2-f1fd15e2ba87-0000/executors/rgw-n1.7be74a89-d297-11e8-ab34-024220aa8e88/runs/4f881bb5-e02e-474f-b91d-4f301fb497ec/tasks/rgw-n1.7be74a89-d297-11e8-ab34-024220aa8e88' for gc 6.99578623048593days in the future
I1018 05:40:33.750439 20064 slave.cpp:5914] Got exited event for executor(1)@192.168.136.187:45046
I1018 05:40:33.765349 20067 docker.cpp:2575] Executor for container 4f881bb5-e02e-474f-b91d-4f301fb497ec has exited
I1018 05:40:33.765502 20067 docker.cpp:2346] Destroying container 4f881bb5-e02e-474f-b91d-4f301fb497ec in RUNNING state
I1018 05:40:33.765563 20067 docker.cpp:2396] Running docker stop on container 4f881bb5-e02e-474f-b91d-4f301fb497ec
I1018 05:40:33.767123 20065 slave.cpp:6310] Executor 'rgw-n1.7be74a89-d297-11e8-ab34-024220aa8e88' of framework cb40f348-94b8-4f7f-aec2-f1fd15e2ba87-0000 exited with status 0
I1018 05:40:33.767212 20065 slave.cpp:6408] Cleaning up executor 'rgw-n1.7be74a89-d297-11e8-ab34-024220aa8e88' of framework cb40f348-94b8-4f7f-aec2-f1fd15e2ba87-0000 at executor(1)@192.168.136.187:45046
I1018 05:40:33.767922 20060 gc.cpp:95] Scheduling '/var/tmp/mesos/slaves/cb40f348-94b8-4f7f-aec2-f1fd15e2ba87-S2/frameworks/cb40f348-94b8-4f7f-aec2-f1fd15e2ba87-0000/executors/rgw-n1.7be74a89-d297-11e8-ab34-024220aa8e88/runs/4f881bb5-e02e-474f-b91d-4f301fb497ec' for gc 6.9999911134963days in the future
I1018 05:40:33.768026 20060 gc.cpp:95] Scheduling '/var/tmp/mesos/slaves/cb40f348-94b8-4f7f-aec2-f1fd15e2ba87-S2/frameworks/cb40f348-94b8-4f7f-aec2-f1fd15e2ba87-0000/executors/rgw-n1.7be74a89-d297-11e8-ab34-024220aa8e88' for gc 6.9999911119437days in the future
I1018 05:40:33.768165 20060 gc.cpp:95] Scheduling '/var/tmp/mesos/meta/slaves/cb40f348-94b8-4f7f-aec2-f1fd15e2ba87-S2/frameworks/cb40f348-94b8-4f7f-aec2-f1fd15e2ba87-0000/executors/rgw-n1.7be74a89-d297-11e8-ab34-024220aa8e88/runs/4f881bb5-e02e-474f-b91d-4f301fb497ec' for gc 6.99999111136593days in the future
I1018 05:40:33.768208 20060 gc.cpp:95] Scheduling '/var/tmp/mesos/meta/slaves/cb40f348-94b8-4f7f-aec2-f1fd15e2ba87-S2/frameworks/cb40f348-94b8-4f7f-aec2-f1fd15e2ba87-0000/executors/rgw-n1.7be74a89-d297-11e8-ab34-024220aa8e88' for gc 6.9999911109363days in the future
I1018 05:40:54.015508 20067 slave.cpp:6845] Current disk usage 30.22%. Max allowed age: 4.184402708231551days
I1018 05:41:54.020066 20061 slave.cpp:6845] Current disk usage 30.22%. Max allowed age: 4.184398433683437days
I1018 05:42:22.677642 20064 slave.cpp:2035] Got assigned task 'rgw-n1.961f103a-d298-11e8-ab34-024220aa8e88' for framework cb40f348-94b8-4f7f-aec2-f1fd15e2ba87-0000
I1018 05:42:22.678942 20064 slave.cpp:2409] Authorizing task 'rgw-n1.961f103a-d298-11e8-ab34-024220aa8e88' for framework cb40f348-94b8-4f7f-aec2-f1fd15e2ba87-0000
I1018 05:42:22.688408 20060 slave.cpp:2852] Launching task 'rgw-n1.961f103a-d298-11e8-ab34-024220aa8e88' for framework cb40f348-94b8-4f7f-aec2-f1fd15e2ba87-0000
I1018 05:42:22.690315 20060 paths.cpp:748] Creating sandbox '/var/tmp/mesos/slaves/cb40f348-94b8-4f7f-aec2-f1fd15e2ba87-S2/frameworks/cb40f348-94b8-4f7f-aec2-f1fd15e2ba87-0000/executors/rgw-n1.961f103a-d298-11e8-ab34-024220aa8e88/runs/90284849-8fc1-4736-91af-b0a7d62eb665'
I1018 05:42:22.695261 20060 paths.cpp:748] Creating sandbox '/var/tmp/mesos/meta/slaves/cb40f348-94b8-4f7f-aec2-f1fd15e2ba87-S2/frameworks/cb40f348-94b8-4f7f-aec2-f1fd15e2ba87-0000/executors/rgw-n1.961f103a-d298-11e8-ab34-024220aa8e88/runs/90284849-8fc1-4736-91af-b0a7d62eb665'
I1018 05:42:22.695839 20060 slave.cpp:8997] Launching executor 'rgw-n1.961f103a-d298-11e8-ab34-024220aa8e88' of framework cb40f348-94b8-4f7f-aec2-f1fd15e2ba87-0000 with resources [{"allocation_info":{"role":"*"},"name":"cpus","scalar":{"value":0.1},"type":"SCALAR"},{"allocation_info":{"role":"*"},"name":"mem","scalar":{"value":32.0},"type":"SCALAR"}] in work directory '/var/tmp/mesos/slaves/cb40f348-94b8-4f7f-aec2-f1fd15e2ba87-S2/frameworks/cb40f348-94b8-4f7f-aec2-f1fd15e2ba87-0000/executors/rgw-n1.961f103a-d298-11e8-ab34-024220aa8e88/runs/90284849-8fc1-4736-91af-b0a7d62eb665'
I1018 05:42:22.697454 20060 slave.cpp:3530] Launching container 90284849-8fc1-4736-91af-b0a7d62eb665 for executor 'rgw-n1.961f103a-d298-11e8-ab34-024220aa8e88' of framework cb40f348-94b8-4f7f-aec2-f1fd15e2ba87-0000
I1018 05:42:22.699343 20060 slave.cpp:3049] Queued task 'rgw-n1.961f103a-d298-11e8-ab34-024220aa8e88' for executor 'rgw-n1.961f103a-d298-11e8-ab34-024220aa8e88' of framework cb40f348-94b8-4f7f-aec2-f1fd15e2ba87-0000
I1018 05:42:22.699878 20060 docker.cpp:1201] Starting container '90284849-8fc1-4736-91af-b0a7d62eb665' for task 'rgw-n1.961f103a-d298-11e8-ab34-024220aa8e88' (and executor 'rgw-n1.961f103a-d298-11e8-ab34-024220aa8e88') of framework cb40f348-94b8-4f7f-aec2-f1fd15e2ba87-0000
I1018 05:42:23.240300 20062 docker.cpp:801] Checkpointing pid 24686 to '/var/tmp/mesos/meta/slaves/cb40f348-94b8-4f7f-aec2-f1fd15e2ba87-S2/frameworks/cb40f348-94b8-4f7f-aec2-f1fd15e2ba87-0000/executors/rgw-n1.961f103a-d298-11e8-ab34-024220aa8e88/runs/90284849-8fc1-4736-91af-b0a7d62eb665/pids/forked.pid'
I1018 05:42:23.548316 20066 slave.cpp:4824] Got registration for executor 'rgw-n1.961f103a-d298-11e8-ab34-024220aa8e88' of framework cb40f348-94b8-4f7f-aec2-f1fd15e2ba87-0000 from executor(1)@192.168.136.187:41016
I1018 05:42:23.550384 20066 docker.cpp:1709] Ignoring updating container 90284849-8fc1-4736-91af-b0a7d62eb665 because resources passed to update are identical to existing resources
I1018 05:42:23.550577 20066 slave.cpp:3262] Sending queued task 'rgw-n1.961f103a-d298-11e8-ab34-024220aa8e88' to executor 'rgw-n1.961f103a-d298-11e8-ab34-024220aa8e88' of framework cb40f348-94b8-4f7f-aec2-f1fd15e2ba87-0000 at executor(1)@192.168.136.187:41016
I1018 05:42:23.629426 20061 slave.cpp:5290] Handling status update TASK_STARTING (Status UUID: 61aa8268-ffb1-484a-b010-48b8b3379305) for task rgw-n1.961f103a-d298-11e8-ab34-024220aa8e88 of framework cb40f348-94b8-4f7f-aec2-f1fd15e2ba87-0000 from executor(1)@192.168.136.187:41016
I1018 05:42:23.631333 20066 task_status_update_manager.cpp:328] Received task status update TASK_STARTING (Status UUID: 61aa8268-ffb1-484a-b010-48b8b3379305) for task rgw-n1.961f103a-d298-11e8-ab34-024220aa8e88 of framework cb40f348-94b8-4f7f-aec2-f1fd15e2ba87-0000
I1018 05:42:23.632465 20066 task_status_update_manager.cpp:842] Checkpointing UPDATE for task status update TASK_STARTING (Status UUID: 61aa8268-ffb1-484a-b010-48b8b3379305) for task rgw-n1.961f103a-d298-11e8-ab34-024220aa8e88 of framework cb40f348-94b8-4f7f-aec2-f1fd15e2ba87-0000
I1018 05:42:23.632987 20066 slave.cpp:5782] Forwarding the update TASK_STARTING (Status UUID: 61aa8268-ffb1-484a-b010-48b8b3379305) for task rgw-n1.961f103a-d298-11e8-ab34-024220aa8e88 of framework cb40f348-94b8-4f7f-aec2-f1fd15e2ba87-0000 to master@192.168.136.186:5050
I1018 05:42:23.633580 20066 slave.cpp:5691] Sending acknowledgement for status update TASK_STARTING (Status UUID: 61aa8268-ffb1-484a-b010-48b8b3379305) for task rgw-n1.961f103a-d298-11e8-ab34-024220aa8e88 of framework cb40f348-94b8-4f7f-aec2-f1fd15e2ba87-0000 to executor(1)@192.168.136.187:41016
I1018 05:42:23.726492 20063 task_status_update_manager.cpp:401] Received task status update acknowledgement (UUID: 61aa8268-ffb1-484a-b010-48b8b3379305) for task rgw-n1.961f103a-d298-11e8-ab34-024220aa8e88 of framework cb40f348-94b8-4f7f-aec2-f1fd15e2ba87-0000
I1018 05:42:23.727519 20063 task_status_update_manager.cpp:842] Checkpointing ACK for task status update TASK_STARTING (Status UUID: 61aa8268-ffb1-484a-b010-48b8b3379305) for task rgw-n1.961f103a-d298-11e8-ab34-024220aa8e88 of framework cb40f348-94b8-4f7f-aec2-f1fd15e2ba87-0000
I1018 05:42:25.347364 20066 slave.cpp:5290] Handling status update TASK_RUNNING (Status UUID: 4a9954ef-f00b-483f-8883-213d9f3a8549) for task rgw-n1.961f103a-d298-11e8-ab34-024220aa8e88 of framework cb40f348-94b8-4f7f-aec2-f1fd15e2ba87-0000 from executor(1)@192.168.136.187:41016
I1018 05:42:25.347769 20066 task_status_update_manager.cpp:328] Received task status update TASK_RUNNING (Status UUID: 4a9954ef-f00b-483f-8883-213d9f3a8549) for task rgw-n1.961f103a-d298-11e8-ab34-024220aa8e88 of framework cb40f348-94b8-4f7f-aec2-f1fd15e2ba87-0000
I1018 05:42:25.347820 20066 task_status_update_manager.cpp:842] Checkpointing UPDATE for task status update TASK_RUNNING (Status UUID: 4a9954ef-f00b-483f-8883-213d9f3a8549) for task rgw-n1.961f103a-d298-11e8-ab34-024220aa8e88 of framework cb40f348-94b8-4f7f-aec2-f1fd15e2ba87-0000
I1018 05:42:25.348171 20066 slave.cpp:5782] Forwarding the update TASK_RUNNING (Status UUID: 4a9954ef-f00b-483f-8883-213d9f3a8549) for task rgw-n1.961f103a-d298-11e8-ab34-024220aa8e88 of framework cb40f348-94b8-4f7f-aec2-f1fd15e2ba87-0000 to master@192.168.136.186:5050
I1018 05:42:25.348469 20066 slave.cpp:5691] Sending acknowledgement for status update TASK_RUNNING (Status UUID: 4a9954ef-f00b-483f-8883-213d9f3a8549) for task rgw-n1.961f103a-d298-11e8-ab34-024220aa8e88 of framework cb40f348-94b8-4f7f-aec2-f1fd15e2ba87-0000 to executor(1)@192.168.136.187:41016
I1018 05:42:25.376838 20061 task_status_update_manager.cpp:401] Received task status update acknowledgement (UUID: 4a9954ef-f00b-483f-8883-213d9f3a8549) for task rgw-n1.961f103a-d298-11e8-ab34-024220aa8e88 of framework cb40f348-94b8-4f7f-aec2-f1fd15e2ba87-0000
I1018 05:42:25.377084 20061 task_status_update_manager.cpp:842] Checkpointing ACK for task status update TASK_RUNNING (Status UUID: 4a9954ef-f00b-483f-8883-213d9f3a8549) for task rgw-n1.961f103a-d298-11e8-ab34-024220aa8e88 of framework cb40f348-94b8-4f7f-aec2-f1fd15e2ba87-0000
I1018 05:42:54.022068 20060 slave.cpp:6845] Current disk usage 30.22%. Max allowed age: 4.184300653395209days
I1018 05:43:54.023514 20061 slave.cpp:6845] Current disk usage 30.22%. Max allowed age: 4.184279280654606days
I1018 05:44:54.025842 20063 slave.cpp:6845] Current disk usage 30.22%. Max allowed age: 4.184279280654606days
I1018 05:45:54.026798 20066 slave.cpp:6845] Current disk usage 30.23%. Max allowed age: 4.184239741084514days
I1018 05:46:54.027752 20060 slave.cpp:6845] Current disk usage 30.23%. Max allowed age: 4.184166005129456days
I1018 05:47:54.029256 20066 slave.cpp:6845] Current disk usage 30.23%. Max allowed age: 4.184110970322419days
I1018 05:48:54.031286 20061 slave.cpp:6845] Current disk usage 30.23%. Max allowed age: 4.184099215315093days
I1018 05:49:54.032222 20067 slave.cpp:6845] Current disk usage 30.22%. Max allowed age: 4.184383472765012days
I1018 05:50:54.035893 20063 slave.cpp:6845] Current disk usage 30.22%. Max allowed age: 4.184399502320463days
I1018 05:50:57.635599 20067 slave.cpp:2035] Got assigned task 'osd-n1-sde.c90fb93b-d299-11e8-ab34-024220aa8e88' for framework cb40f348-94b8-4f7f-aec2-f1fd15e2ba87-0000
I1018 05:50:57.636559 20067 slave.cpp:2409] Authorizing task 'osd-n1-sde.c90fb93b-d299-11e8-ab34-024220aa8e88' for framework cb40f348-94b8-4f7f-aec2-f1fd15e2ba87-0000
I1018 05:50:57.642952 20065 slave.cpp:2852] Launching task 'osd-n1-sde.c90fb93b-d299-11e8-ab34-024220aa8e88' for framework cb40f348-94b8-4f7f-aec2-f1fd15e2ba87-0000
I1018 05:50:57.644727 20065 paths.cpp:748] Creating sandbox '/var/tmp/mesos/slaves/cb40f348-94b8-4f7f-aec2-f1fd15e2ba87-S2/frameworks/cb40f348-94b8-4f7f-aec2-f1fd15e2ba87-0000/executors/osd-n1-sde.c90fb93b-d299-11e8-ab34-024220aa8e88/runs/5369e99f-4a1c-474d-a19d-002e2a63ed34'
I1018 05:50:57.649127 20065 paths.cpp:748] Creating sandbox '/var/tmp/mesos/meta/slaves/cb40f348-94b8-4f7f-aec2-f1fd15e2ba87-S2/frameworks/cb40f348-94b8-4f7f-aec2-f1fd15e2ba87-0000/executors/osd-n1-sde.c90fb93b-d299-11e8-ab34-024220aa8e88/runs/5369e99f-4a1c-474d-a19d-002e2a63ed34'
I1018 05:50:57.653201 20065 slave.cpp:8997] Launching executor 'osd-n1-sde.c90fb93b-d299-11e8-ab34-024220aa8e88' of framework cb40f348-94b8-4f7f-aec2-f1fd15e2ba87-0000 with resources [{"allocation_info":{"role":"*"},"name":"cpus","scalar":{"value":0.1},"type":"SCALAR"},{"allocation_info":{"role":"*"},"name":"mem","scalar":{"value":32.0},"type":"SCALAR"}] in work directory '/var/tmp/mesos/slaves/cb40f348-94b8-4f7f-aec2-f1fd15e2ba87-S2/frameworks/cb40f348-94b8-4f7f-aec2-f1fd15e2ba87-0000/executors/osd-n1-sde.c90fb93b-d299-11e8-ab34-024220aa8e88/runs/5369e99f-4a1c-474d-a19d-002e2a63ed34'
I1018 05:50:57.653822 20065 slave.cpp:3530] Launching container 5369e99f-4a1c-474d-a19d-002e2a63ed34 for executor 'osd-n1-sde.c90fb93b-d299-11e8-ab34-024220aa8e88' of framework cb40f348-94b8-4f7f-aec2-f1fd15e2ba87-0000
I1018 05:50:57.655093 20065 slave.cpp:3049] Queued task 'osd-n1-sde.c90fb93b-d299-11e8-ab34-024220aa8e88' for executor 'osd-n1-sde.c90fb93b-d299-11e8-ab34-024220aa8e88' of framework cb40f348-94b8-4f7f-aec2-f1fd15e2ba87-0000
I1018 05:50:57.656052 20065 docker.cpp:1201] Starting container '5369e99f-4a1c-474d-a19d-002e2a63ed34' for task 'osd-n1-sde.c90fb93b-d299-11e8-ab34-024220aa8e88' (and executor 'osd-n1-sde.c90fb93b-d299-11e8-ab34-024220aa8e88') of framework cb40f348-94b8-4f7f-aec2-f1fd15e2ba87-0000
I1018 05:50:58.356187 20064 docker.cpp:801] Checkpointing pid 25532 to '/var/tmp/mesos/meta/slaves/cb40f348-94b8-4f7f-aec2-f1fd15e2ba87-S2/frameworks/cb40f348-94b8-4f7f-aec2-f1fd15e2ba87-0000/executors/osd-n1-sde.c90fb93b-d299-11e8-ab34-024220aa8e88/runs/5369e99f-4a1c-474d-a19d-002e2a63ed34/pids/forked.pid'
I1018 05:50:58.562749 20064 slave.cpp:4824] Got registration for executor 'osd-n1-sde.c90fb93b-d299-11e8-ab34-024220aa8e88' of framework cb40f348-94b8-4f7f-aec2-f1fd15e2ba87-0000 from executor(1)@192.168.136.187:34751
I1018 05:50:58.564869 20060 docker.cpp:1709] Ignoring updating container 5369e99f-4a1c-474d-a19d-002e2a63ed34 because resources passed to update are identical to existing resources
I1018 05:50:58.565153 20060 slave.cpp:3262] Sending queued task 'osd-n1-sde.c90fb93b-d299-11e8-ab34-024220aa8e88' to executor 'osd-n1-sde.c90fb93b-d299-11e8-ab34-024220aa8e88' of framework cb40f348-94b8-4f7f-aec2-f1fd15e2ba87-0000 at executor(1)@192.168.136.187:34751
I1018 05:50:58.634003 20061 slave.cpp:5290] Handling status update TASK_STARTING (Status UUID: dde42dca-2c48-4c5d-85a4-9d7da9fd61d6) for task osd-n1-sde.c90fb93b-d299-11e8-ab34-024220aa8e88 of framework cb40f348-94b8-4f7f-aec2-f1fd15e2ba87-0000 from executor(1)@192.168.136.187:34751
I1018 05:50:58.634562 20061 task_status_update_manager.cpp:328] Received task status update TASK_STARTING (Status UUID: dde42dca-2c48-4c5d-85a4-9d7da9fd61d6) for task osd-n1-sde.c90fb93b-d299-11e8-ab34-024220aa8e88 of framework cb40f348-94b8-4f7f-aec2-f1fd15e2ba87-0000
I1018 05:50:58.635215 20061 task_status_update_manager.cpp:842] Checkpointing UPDATE for task status update TASK_STARTING (Status UUID: dde42dca-2c48-4c5d-85a4-9d7da9fd61d6) for task osd-n1-sde.c90fb93b-d299-11e8-ab34-024220aa8e88 of framework cb40f348-94b8-4f7f-aec2-f1fd15e2ba87-0000
I1018 05:50:58.635445 20061 slave.cpp:5782] Forwarding the update TASK_STARTING (Status UUID: dde42dca-2c48-4c5d-85a4-9d7da9fd61d6) for task osd-n1-sde.c90fb93b-d299-11e8-ab34-024220aa8e88 of framework cb40f348-94b8-4f7f-aec2-f1fd15e2ba87-0000 to master@192.168.136.186:5050
I1018 05:50:58.635836 20061 slave.cpp:5691] Sending acknowledgement for status update TASK_STARTING (Status UUID: dde42dca-2c48-4c5d-85a4-9d7da9fd61d6) for task osd-n1-sde.c90fb93b-d299-11e8-ab34-024220aa8e88 of framework cb40f348-94b8-4f7f-aec2-f1fd15e2ba87-0000 to executor(1)@192.168.136.187:34751
I1018 05:50:58.726573 20067 task_status_update_manager.cpp:401] Received task status update acknowledgement (UUID: dde42dca-2c48-4c5d-85a4-9d7da9fd61d6) for task osd-n1-sde.c90fb93b-d299-11e8-ab34-024220aa8e88 of framework cb40f348-94b8-4f7f-aec2-f1fd15e2ba87-0000
I1018 05:50:58.727104 20067 task_status_update_manager.cpp:842] Checkpointing ACK for task status update TASK_STARTING (Status UUID: dde42dca-2c48-4c5d-85a4-9d7da9fd61d6) for task osd-n1-sde.c90fb93b-d299-11e8-ab34-024220aa8e88 of framework cb40f348-94b8-4f7f-aec2-f1fd15e2ba87-0000
I1018 05:51:00.867056 20067 slave.cpp:5290] Handling status update TASK_RUNNING (Status UUID: fb279f4a-3ab4-4e58-962d-551c31d8ff6b) for task osd-n1-sde.c90fb93b-d299-11e8-ab34-024220aa8e88 of framework cb40f348-94b8-4f7f-aec2-f1fd15e2ba87-0000 from executor(1)@192.168.136.187:34751
I1018 05:51:00.867471 20067 task_status_update_manager.cpp:328] Received task status update TASK_RUNNING (Status UUID: fb279f4a-3ab4-4e58-962d-551c31d8ff6b) for task osd-n1-sde.c90fb93b-d299-11e8-ab34-024220aa8e88 of framework cb40f348-94b8-4f7f-aec2-f1fd15e2ba87-0000
I1018 05:51:00.867549 20067 task_status_update_manager.cpp:842] Checkpointing UPDATE for task status update TASK_RUNNING (Status UUID: fb279f4a-3ab4-4e58-962d-551c31d8ff6b) for task osd-n1-sde.c90fb93b-d299-11e8-ab34-024220aa8e88 of framework cb40f348-94b8-4f7f-aec2-f1fd15e2ba87-0000
I1018 05:51:00.867835 20067 slave.cpp:5782] Forwarding the update TASK_RUNNING (Status UUID: fb279f4a-3ab4-4e58-962d-551c31d8ff6b) for task osd-n1-sde.c90fb93b-d299-11e8-ab34-024220aa8e88 of framework cb40f348-94b8-4f7f-aec2-f1fd15e2ba87-0000 to master@192.168.136.186:5050
I1018 05:51:00.868196 20067 slave.cpp:5691] Sending acknowledgement for status update TASK_RUNNING (Status UUID: fb279f4a-3ab4-4e58-962d-551c31d8ff6b) for task osd-n1-sde.c90fb93b-d299-11e8-ab34-024220aa8e88 of framework cb40f348-94b8-4f7f-aec2-f1fd15e2ba87-0000 to executor(1)@192.168.136.187:34751
I1018 05:51:00.882357 20060 task_status_update_manager.cpp:401] Received task status update acknowledgement (UUID: fb279f4a-3ab4-4e58-962d-551c31d8ff6b) for task osd-n1-sde.c90fb93b-d299-11e8-ab34-024220aa8e88 of framework cb40f348-94b8-4f7f-aec2-f1fd15e2ba87-0000
I1018 05:51:00.882666 20060 task_status_update_manager.cpp:842] Checkpointing ACK for task status update TASK_RUNNING (Status UUID: fb279f4a-3ab4-4e58-962d-551c31d8ff6b) for task osd-n1-sde.c90fb93b-d299-11e8-ab34-024220aa8e88 of framework cb40f348-94b8-4f7f-aec2-f1fd15e2ba87-0000
I1018 05:51:54.036932 20066 slave.cpp:6845] Current disk usage 30.22%. Max allowed age: 4.184615367000486days
I1018 05:52:54.038799 20061 slave.cpp:6845] Current disk usage 30.22%. Max allowed age: 4.184413928920370days
I1018 05:53:54.039711 20066 slave.cpp:6845] Current disk usage 30.22%. Max allowed age: 4.184349810698577days
I1018 05:53:54.384081 20067 http.cpp:1117] HTTP GET for /slave(1)/state?jsonp=jsonp_16685d09033 from 192.168.56.81:50964 with User-Agent='Mozilla/5.0 (Windows NT 10.0; Win64; x64) AppleWebKit/537.36 (KHTML, like Gecko) Chrome/69.0.3497.100 Safari/537.36'
I1018 05:53:54.400538 20062 http.cpp:1117] HTTP GET for /files/browse?jsonp=jsonp_16685d09045&path=%2Fvar%2Ftmp%2Fmesos%2Fslaves%2Fcb40f348-94b8-4f7f-aec2-f1fd15e2ba87-S2%2Fframeworks%2Fcb40f348-94b8-4f7f-aec2-f1fd15e2ba87-0000%2Fexecutors%2Frgw-n1.961f103a-d298-11e8-ab34-024220aa8e88%2Fruns%2F90284849-8fc1-4736-91af-b0a7d62eb665 from 192.168.56.81:50964 with User-Agent='Mozilla/5.0 (Windows NT 10.0; Win64; x64) AppleWebKit/537.36 (KHTML, like Gecko) Chrome/69.0.3497.100 Safari/537.36'
I1018 05:54:02.295756 20060 http.cpp:1117] HTTP GET for /slave(1)/state?jsonp=jsonp_16685d0af1d from 192.168.56.81:50964 with User-Agent='Mozilla/5.0 (Windows NT 10.0; Win64; x64) AppleWebKit/537.36 (KHTML, like Gecko) Chrome/69.0.3497.100 Safari/537.36'
I1018 05:54:02.319501 20062 http.cpp:1117] HTTP GET for /files/browse?jsonp=jsonp_16685d0af33&path=%2Fvar%2Ftmp%2Fmesos%2Fslaves%2Fcb40f348-94b8-4f7f-aec2-f1fd15e2ba87-S2%2Fframeworks%2Fcb40f348-94b8-4f7f-aec2-f1fd15e2ba87-0000%2Fexecutors%2Frgw-n1.961f103a-d298-11e8-ab34-024220aa8e88%2Fruns%2F90284849-8fc1-4736-91af-b0a7d62eb665 from 192.168.56.81:50964 with User-Agent='Mozilla/5.0 (Windows NT 10.0; Win64; x64) AppleWebKit/537.36 (KHTML, like Gecko) Chrome/69.0.3497.100 Safari/537.36'
I1018 05:54:12.042222 20061 http.cpp:1117] HTTP GET for /slave(1)/state?jsonp=jsonp_16685d0d52c from 192.168.56.81:50964 with User-Agent='Mozilla/5.0 (Windows NT 10.0; Win64; x64) AppleWebKit/537.36 (KHTML, like Gecko) Chrome/69.0.3497.100 Safari/537.36'
I1018 05:54:12.061501 20061 http.cpp:1117] HTTP GET for /files/browse?jsonp=jsonp_16685d0d543&path=%2Fvar%2Ftmp%2Fmesos%2Fslaves%2Fcb40f348-94b8-4f7f-aec2-f1fd15e2ba87-S2%2Fframeworks%2Fcb40f348-94b8-4f7f-aec2-f1fd15e2ba87-0000%2Fexecutors%2Frgw-n1.961f103a-d298-11e8-ab34-024220aa8e88%2Fruns%2F90284849-8fc1-4736-91af-b0a7d62eb665 from 192.168.56.81:50964 with User-Agent='Mozilla/5.0 (Windows NT 10.0; Win64; x64) AppleWebKit/537.36 (KHTML, like Gecko) Chrome/69.0.3497.100 Safari/537.36'
I1018 05:54:14.447559 20067 http.cpp:1117] HTTP GET for /files/download?path=%2Fvar%2Ftmp%2Fmesos%2Fslaves%2Fcb40f348-94b8-4f7f-aec2-f1fd15e2ba87-S2%2Fframeworks%2Fcb40f348-94b8-4f7f-aec2-f1fd15e2ba87-0000%2Fexecutors%2Frgw-n1.961f103a-d298-11e8-ab34-024220aa8e88%2Fruns%2F90284849-8fc1-4736-91af-b0a7d62eb665%2Fstdout from 192.168.56.81:50964 with User-Agent='Mozilla/5.0 (Windows NT 10.0; Win64; x64) AppleWebKit/537.36 (KHTML, like Gecko) Chrome/69.0.3497.100 Safari/537.36'
I1018 05:54:15.486580 20061 http.cpp:1117] HTTP GET for /files/download?path=%2Fvar%2Ftmp%2Fmesos%2Fslaves%2Fcb40f348-94b8-4f7f-aec2-f1fd15e2ba87-S2%2Fframeworks%2Fcb40f348-94b8-4f7f-aec2-f1fd15e2ba87-0000%2Fexecutors%2Frgw-n1.961f103a-d298-11e8-ab34-024220aa8e88%2Fruns%2F90284849-8fc1-4736-91af-b0a7d62eb665%2Fstderr from 192.168.56.81:50964 with User-Agent='Mozilla/5.0 (Windows NT 10.0; Win64; x64) AppleWebKit/537.36 (KHTML, like Gecko) Chrome/69.0.3497.100 Safari/537.36'
I1018 05:54:54.042400 20062 slave.cpp:6845] Current disk usage 30.22%. Max allowed age: 4.184270197239861days
I1018 05:55:54.043874 20066 slave.cpp:6845] Current disk usage 30.23%. Max allowed age: 4.183594284318507days
I1018 05:56:54.045577 20060 slave.cpp:6845] Current disk usage 30.23%. Max allowed age: 4.183791447850509days
I1018 05:57:54.046458 20062 slave.cpp:6845] Current disk usage 30.23%. Max allowed age: 4.183743893502685days
I1018 05:58:54.047770 20060 slave.cpp:6845] Current disk usage 30.23%. Max allowed age: 4.183743893502685days
I1018 05:59:54.048873 20061 slave.cpp:6845] Current disk usage 30.23%. Max allowed age: 4.183750839643380days
I1018 06:00:54.050716 20063 slave.cpp:6845] Current disk usage 30.18%. Max allowed age: 4.187677546409375days
I1011 06:20:37.240398 20066 group.cpp:452] Lost connection to ZooKeeper, attempting to reconnect ...
I1011 06:20:40.582479 20060 group.cpp:341] Group process (zookeeper-group(1)@192.168.136.187:5051) reconnected to ZooKeeper
I1011 06:20:40.582543 20060 group.cpp:831] Syncing group operations: queue size (joins, cancels, datas) = (0, 0, 0)
I1018 06:22:42.504560 20064 group.cpp:452] Lost connection to ZooKeeper, attempting to reconnect ...
I1018 06:22:45.848023 20066 group.cpp:511] ZooKeeper session expired
I1018 06:22:45.848331 20065 detector.cpp:152] Detected a new leader: None
I1018 06:22:45.848549 20065 slave.cpp:1268] Lost leading master
I1018 06:22:45.848598 20065 slave.cpp:1340] Detecting new master
I1018 06:22:45.848615 20062 task_status_update_manager.cpp:181] Pausing sending task status updates
I1018 06:22:45.862956 20062 group.cpp:341] Group process (zookeeper-group(1)@192.168.136.187:5051) connected to ZooKeeper
I1018 06:22:45.863054 20062 group.cpp:831] Syncing group operations: queue size (joins, cancels, datas) = (0, 0, 0)
I1018 06:22:45.863078 20062 group.cpp:419] Trying to create path '/mesos' in ZooKeeper
I1018 06:22:45.880754 20062 detector.cpp:152] Detected a new leader: (id='0')
I1018 06:22:45.881013 20062 group.cpp:700] Trying to get '/mesos/json.info_0000000000' in ZooKeeper
I1018 06:22:45.885238 20062 zookeeper.cpp:262] A new leading master (UPID=master@192.168.136.186:5050) is detected
I1018 06:22:45.885380 20062 slave.cpp:1275] New master detected at master@192.168.136.186:5050
I1018 06:22:45.885412 20062 slave.cpp:1329] No credentials provided. Attempting to register without authentication
I1018 06:22:45.885439 20062 slave.cpp:1340] Detecting new master
I1018 06:22:45.885486 20062 task_status_update_manager.cpp:181] Pausing sending task status updates
I1018 06:23:05.451578 20062 slave.cpp:6845] Current disk usage 30.18%. Max allowed age: 4.187345200293102days
I1018 06:23:05.454071 20066 slave.cpp:1606] Re-registered with master master@192.168.136.186:5050
I1018 06:23:05.454288 20064 task_status_update_manager.cpp:188] Resuming sending task status updates
I1018 06:23:05.454368 20066 slave.cpp:1651] Forwarding agent update {"operations":{},"resource_version_uuid":{"value":"9dpEwmiAQtab2nVIkt4OJA=="},"slave_id":{"value":"cb40f348-94b8-4f7f-aec2-f1fd15e2ba87-S2"},"update_oversubscribed_resources":false}
I1018 06:23:05.454877 20067 slave.cpp:4088] Updating info for framework cb40f348-94b8-4f7f-aec2-f1fd15e2ba87-0000 with pid updated to scheduler-312a718a-4051-472e-bda5-e2dce35185b8@192.168.136.186:41665
I1018 06:23:05.456632 20067 task_status_update_manager.cpp:188] Resuming sending task status updates
